// Jest Snapshot v1, https://goo.gl/fbAQLP

exports[`Header with Link should match with snapshot 1`] = `null`;
